// Jest Snapshot v1, https://goo.gl/fbAQLP

exports[`<ColorList /> UI Component Rendering UI Renders Correctly 1`] = `
<div
  className="color-list"
>
  <Component
    color="#44ef37"
    id="8658c1d0-9eda-4a90-95e1-8001e8eb6036"
    key="8658c1d0-9eda-4a90-95e1-8001e8eb6036"
    onRate={[Function]}
    onRemove={[Function]}
    rating={4}
    timestamp="Sun Apr 10 2016 12:54:19 GMT-0700 (PDT)"
    title="잔디"
  />
  <Component
    color="#0061ff"
    id="f9005b4e-975e-433d-a646-79df172e1dbb"
    key="f9005b4e-975e-433d-a646-79df172e1dbb"
    onRate={[Function]}
    onRemove={[Function]}
    rating={2}
    timestamp="Mon Apr 11 2016 12:54:31 GMT-0700 (PDT)"
    title="바닷빛 파랑"
  />
  <Component
    color="#ff4b47"
    id="58d9caee-6ea6-4d7b-9984-65b145031979"
    key="58d9caee-6ea6-4d7b-9984-65b145031979"
    onRate={[Function]}
    onRemove={[Function]}
    rating={0}
    timestamp="Fri Apr 15 2016 12:54:43 GMT-0700 (PDT)"
    title="토마토"
  />
</div>
`;
